# Add wisely, as too many aliases slow down shell startup.
# Add wisely, as too many completions slow down shell startup.
# Add wisely, as too many plugins slow down shell startup.
# * '[dd.mm.yyyy]'   # [dd.mm.yyyy] + [time] with colors
# * '[mm/dd/yyyy]'   # [mm/dd/yyyy] + [time] with colors
# OMB_THEME_RANDOM_IGNORED=("powerbash10k" "wanelo")
# OSH_CUSTOM=/path/to/new-custom-folder
# sensitive completion must be off. _ and - will be interchangeable.
# stamp shown in the history command output.  One of the following values can
# Uncomment the following line if you do not want OMB to overwrite the existing
# Uncomment the following line if you don't want the repository to be considered dirty
# Uncomment the following line if you want to change the command execution time
# Uncomment the following line if you want to completely ignore the presence
# Uncomment the following line if you want to disable marking untracked files
# Uncomment the following line to change how often to auto-update (in days).
# Uncomment the following line to disable auto-setting terminal title.
# Uncomment the following line to disable bi-weekly auto-update checks.
# Uncomment the following line to disable colors in ls.
# Uncomment the following line to display red dots whilst waiting for completion.
# Uncomment the following line to enable command auto-correction.
# Uncomment the following line to use case-sensitive completion.
# Uncomment the following line to use hyphen-insensitive completion. Case
# users are encouraged to define aliases within the OSH_CUSTOM folder.
# Which aliases would you like to load? (aliases can be found in ~/.oh-my-bash/aliases/*)
# Which completions would you like to load? (completions can be found in ~/.oh-my-bash/completions/*)
# Which plugins would you like to conditionally load? (plugins can be found in ~/.oh-my-bash/plugins/*)
# Which plugins would you like to load? (plugins can be found in ~/.oh-my-bash/plugins/*)
# * '[yyyy-mm-dd]'   # [yyyy-mm-dd] + [time] with colors
