append
test
append
test
